==================================================================================================================================
               HIVER AI AGENT - EXHAUSTIVE HYPERPARAMETER TUNING LOG
Timestamp: 2026-09-13 23:31:20
Training Data  : 6,000 balanced samples (750 x 8 intents) from data/splits/train.jsonl
Validation Data: ALL 7,494 samples from data/splits/val.jsonl
Golden Set Data: ALL 200 samples from evaluation/golden_set.json
==================================================================================================================================

### SECTION A: TF-IDF + LOGISTIC REGRESSION HYPERPARAMETER RESULTS
Run   | N-Gram   | Max Feat | Sublinear | C     | Val Acc  | Val F1(M) | Gold Acc | Gold F1(M) | Time(s)
-------------------------------------------------------------------------------------------------------------------
T01   | (1, 1)   | 2500     | True      | 0.1   | 50.33  % | 0.4320    | 59.00  % | 0.5834     | 0.26   
T02   | (1, 1)   | 2500     | True      | 0.5   | 52.22  % | 0.4521    | 59.00  % | 0.5909     | 0.36   
T03   | (1, 1)   | 2500     | True      | 1.0   | 52.04  % | 0.4534    | 60.50  % | 0.6097     | 0.44   
T04   | (1, 1)   | 2500     | True      | 2.0   | 51.39  % | 0.4513    | 60.50  % | 0.6121     | 0.51   
T05   | (1, 1)   | 2500     | True      | 5.0   | 49.68  % | 0.4388    | 60.00  % | 0.6054     | 0.71   
T06   | (1, 1)   | 2500     | False     | 0.1   | 50.09  % | 0.4297    | 59.50  % | 0.5911     | 0.30   
T07   | (1, 1)   | 2500     | False     | 0.5   | 52.07  % | 0.4517    | 58.50  % | 0.5855     | 0.41   
T08   | (1, 1)   | 2500     | False     | 1.0   | 52.20  % | 0.4558    | 59.00  % | 0.5943     | 0.48   
T09   | (1, 1)   | 2500     | False     | 2.0   | 51.15  % | 0.4497    | 60.00  % | 0.6089     | 0.53   
T10   | (1, 1)   | 2500     | False     | 5.0   | 49.53  % | 0.4361    | 60.00  % | 0.6067     | 0.75   
T11   | (1, 1)   | 5000     | True      | 0.1   | 49.61  % | 0.4288    | 59.50  % | 0.5862     | 0.27   
T12   | (1, 1)   | 5000     | True      | 0.5   | 52.16  % | 0.4542    | 59.50  % | 0.5949     | 0.44   
T13   | (1, 1)   | 5000     | True      | 1.0   | 52.16  % | 0.4563    | 60.00  % | 0.6041     | 0.51   
T14   | (1, 1)   | 5000     | True      | 2.0   | 51.47  % | 0.4524    | 61.50  % | 0.6182     | 0.60   
T15   | (1, 1)   | 5000     | True      | 5.0   | 49.89  % | 0.4397    | 57.50  % | 0.5756     | 0.84   
T16   | (1, 1)   | 5000     | False     | 0.1   | 49.72  % | 0.4289    | 60.00  % | 0.5903     | 0.29   
T17   | (1, 1)   | 5000     | False     | 0.5   | 52.16  % | 0.4550    | 59.00  % | 0.5917     | 0.41   
T18   | (1, 1)   | 5000     | False     | 1.0   | 52.01  % | 0.4555    | 60.50  % | 0.6091     | 0.54   
T19   | (1, 1)   | 5000     | False     | 2.0   | 51.37  % | 0.4519    | 61.00  % | 0.6144     | 0.69   
T20   | (1, 1)   | 5000     | False     | 5.0   | 50.07  % | 0.4399    | 57.50  % | 0.5767     | 0.85   
T21   | (1, 1)   | 10000    | True      | 0.1   | 48.41  % | 0.4236    | 60.00  % | 0.5895     | 0.31   
T22   | (1, 1)   | 10000    | True      | 0.5   | 51.67  % | 0.4504    | 59.50  % | 0.5947     | 0.51   
T23   | (1, 1)   | 10000    | True      | 1.0   | 51.96  % | 0.4553    | 60.50  % | 0.6045     | 0.65   
T24   | (1, 1)   | 10000    | True      | 2.0   | 51.68  % | 0.4550    | 59.50  % | 0.5948     | 0.78   
T25   | (1, 1)   | 10000    | True      | 5.0   | 50.45  % | 0.4432    | 58.50  % | 0.5867     | 0.99   
T26   | (1, 1)   | 10000    | False     | 0.1   | 48.60  % | 0.4242    | 59.50  % | 0.5822     | 0.32   
T27   | (1, 1)   | 10000    | False     | 0.5   | 51.71  % | 0.4515    | 59.50  % | 0.5949     | 0.49   
T28   | (1, 1)   | 10000    | False     | 1.0   | 52.16  % | 0.4572    | 60.50  % | 0.6066     | 0.67   
T29   | (1, 1)   | 10000    | False     | 2.0   | 51.67  % | 0.4553    | 59.50  % | 0.5959     | 0.83   
T30   | (1, 1)   | 10000    | False     | 5.0   | 50.53  % | 0.4442    | 58.50  % | 0.5865     | 0.89   
T31   | (1, 2)   | 2500     | True      | 0.1   | 50.13  % | 0.4319    | 58.50  % | 0.5731     | 0.39   
T32   | (1, 2)   | 2500     | True      | 0.5   | 52.10  % | 0.4507    | 59.00  % | 0.5890     | 0.54   
T33   | (1, 2)   | 2500     | True      | 1.0   | 51.76  % | 0.4489    | 59.50  % | 0.5971     | 0.62   
T34   | (1, 2)   | 2500     | True      | 2.0   | 51.09  % | 0.4476    | 60.50  % | 0.6096     | 0.78   
T35   | (1, 2)   | 2500     | True      | 5.0   | 49.24  % | 0.4326    | 56.50  % | 0.5716     | 0.88   
T36   | (1, 2)   | 2500     | False     | 0.1   | 50.03  % | 0.4306    | 58.00  % | 0.5684     | 0.44   
T37   | (1, 2)   | 2500     | False     | 0.5   | 52.14  % | 0.4517    | 58.50  % | 0.5837     | 0.57   
T38   | (1, 2)   | 2500     | False     | 1.0   | 51.83  % | 0.4513    | 59.00  % | 0.5953     | 0.60   
T39   | (1, 2)   | 2500     | False     | 2.0   | 51.19  % | 0.4494    | 59.50  % | 0.6001     | 0.81   
T40   | (1, 2)   | 2500     | False     | 5.0   | 49.20  % | 0.4322    | 56.00  % | 0.5664     | 1.23   
T41   | (1, 2)   | 5000     | True      | 0.1   | 49.48  % | 0.4273    | 58.50  % | 0.5745     | 0.49   
T42   | (1, 2)   | 5000     | True      | 0.5   | 51.76  % | 0.4491    | 60.00  % | 0.5985     | 0.66   
T43   | (1, 2)   | 5000     | True      | 1.0   | 51.95  % | 0.4541    | 61.00  % | 0.6115     | 0.65   
T44   | (1, 2)   | 5000     | True      | 2.0   | 51.21  % | 0.4478    | 61.50  % | 0.6204     | 0.97   
T45   | (1, 2)   | 5000     | True      | 5.0   | 49.83  % | 0.4393    | 60.00  % | 0.6040     | 1.14   
T46   | (1, 2)   | 5000     | False     | 0.1   | 49.40  % | 0.4262    | 58.50  % | 0.5752     | 0.54   
T47   | (1, 2)   | 5000     | False     | 0.5   | 51.68  % | 0.4495    | 60.00  % | 0.6004     | 0.66   
T48   | (1, 2)   | 5000     | False     | 1.0   | 51.99  % | 0.4550    | 60.50  % | 0.6048     | 0.92   
T49   | (1, 2)   | 5000     | False     | 2.0   | 51.16  % | 0.4473    | 62.00  % | 0.6246     | 1.14   
T50   | (1, 2)   | 5000     | False     | 5.0   | 49.65  % | 0.4358    | 59.00  % | 0.5946     | 1.15   
T51   | (1, 2)   | 10000    | True      | 0.1   | 48.63  % | 0.4219    | 58.50  % | 0.5734     | 0.56   
T52   | (1, 2)   | 10000    | True      | 0.5   | 51.23  % | 0.4461    | 60.00  % | 0.5974     | 0.80   
T53   | (1, 2)   | 10000    | True      | 1.0   | 51.40  % | 0.4493    | 59.50  % | 0.5953     | 0.95   
T54   | (1, 2)   | 10000    | True      | 2.0   | 51.29  % | 0.4487    | 59.50  % | 0.5983     | 0.90   
T55   | (1, 2)   | 10000    | True      | 5.0   | 50.49  % | 0.4412    | 58.50  % | 0.5859     | 1.18   
T56   | (1, 2)   | 10000    | False     | 0.1   | 48.65  % | 0.4224    | 59.50  % | 0.5831     | 0.58   
T57   | (1, 2)   | 10000    | False     | 0.5   | 51.15  % | 0.4460    | 59.50  % | 0.5935     | 0.88   
T58   | (1, 2)   | 10000    | False     | 1.0   | 51.40  % | 0.4490    | 60.00  % | 0.6001     | 0.90   
T59   | (1, 2)   | 10000    | False     | 2.0   | 51.01  % | 0.4455    | 58.50  % | 0.5895     | 1.18   
T60   | (1, 2)   | 10000    | False     | 5.0   | 50.31  % | 0.4402    | 57.00  % | 0.5711     | 1.40   
T61   | (1, 3)   | 2500     | True      | 0.1   | 50.20  % | 0.4322    | 58.50  % | 0.5731     | 0.65   
T62   | (1, 3)   | 2500     | True      | 0.5   | 52.19  % | 0.4514    | 60.00  % | 0.5977     | 0.73   
T63   | (1, 3)   | 2500     | True      | 1.0   | 51.81  % | 0.4506    | 61.50  % | 0.6181     | 0.87   
T64   | (1, 3)   | 2500     | True      | 2.0   | 51.00  % | 0.4473    | 62.00  % | 0.6247     | 1.00   
T65   | (1, 3)   | 2500     | True      | 5.0   | 49.15  % | 0.4335    | 58.00  % | 0.5871     | 1.14   
T66   | (1, 3)   | 2500     | False     | 0.1   | 49.97  % | 0.4302    | 58.50  % | 0.5741     | 0.65   
T67   | (1, 3)   | 2500     | False     | 0.5   | 52.07  % | 0.4513    | 59.50  % | 0.5937     | 0.86   
T68   | (1, 3)   | 2500     | False     | 1.0   | 51.89  % | 0.4523    | 61.00  % | 0.6145     | 1.16   
T69   | (1, 3)   | 2500     | False     | 2.0   | 51.05  % | 0.4492    | 60.50  % | 0.6114     | 1.27   
T70   | (1, 3)   | 2500     | False     | 5.0   | 49.16  % | 0.4333    | 56.50  % | 0.5724     | 1.72   
T71   | (1, 3)   | 5000     | True      | 0.1   | 49.56  % | 0.4273    | 58.50  % | 0.5759     | 0.92   
T72   | (1, 3)   | 5000     | True      | 0.5   | 51.71  % | 0.4489    | 60.50  % | 0.6024     | 1.06   
T73   | (1, 3)   | 5000     | True      | 1.0   | 51.89  % | 0.4539    | 60.50  % | 0.6072     | 1.24   
T74   | (1, 3)   | 5000     | True      | 2.0   | 51.24  % | 0.4482    | 60.50  % | 0.6092     | 1.44   
T75   | (1, 3)   | 5000     | True      | 5.0   | 49.76  % | 0.4380    | 59.50  % | 0.6028     | 1.56   
T76   | (1, 3)   | 5000     | False     | 0.1   | 49.61  % | 0.4280    | 58.50  % | 0.5759     | 0.87   
T77   | (1, 3)   | 5000     | False     | 0.5   | 51.68  % | 0.4491    | 60.50  % | 0.6046     | 1.03   
T78   | (1, 3)   | 5000     | False     | 1.0   | 51.77  % | 0.4529    | 60.50  % | 0.6059     | 1.24   
T79   | (1, 3)   | 5000     | False     | 2.0   | 51.00  % | 0.4464    | 59.50  % | 0.6002     | 1.50   
T80   | (1, 3)   | 5000     | False     | 5.0   | 49.89  % | 0.4377    | 57.50  % | 0.5818     | 1.47   
T81   | (1, 3)   | 10000    | True      | 0.1   | 47.95  % | 0.4195    | 59.00  % | 0.5771     | 0.92   
T82   | (1, 3)   | 10000    | True      | 0.5   | 51.19  % | 0.4462    | 60.00  % | 0.5980     | 1.23   
T83   | (1, 3)   | 10000    | True      | 1.0   | 51.51  % | 0.4504    | 60.00  % | 0.6003     | 1.34   
T84   | (1, 3)   | 10000    | True      | 2.0   | 51.00  % | 0.4458    | 59.50  % | 0.5986     | 1.73   
T85   | (1, 3)   | 10000    | True      | 5.0   | 50.25  % | 0.4396    | 57.50  % | 0.5759     | 1.80   
T86   | (1, 3)   | 10000    | False     | 0.1   | 48.61  % | 0.4221    | 59.50  % | 0.5831     | 0.93   
T87   | (1, 3)   | 10000    | False     | 0.5   | 51.04  % | 0.4456    | 59.00  % | 0.5899     | 1.32   
T88   | (1, 3)   | 10000    | False     | 1.0   | 51.41  % | 0.4498    | 60.50  % | 0.6053     | 1.50   
T89   | (1, 3)   | 10000    | False     | 2.0   | 51.08  % | 0.4467    | 59.00  % | 0.5939     | 1.92   
T90   | (1, 3)   | 10000    | False     | 5.0   | 50.43  % | 0.4412    | 57.50  % | 0.5782     | 2.36   
-------------------------------------------------------------------------------------------------------------------

🏆 BEST TF-IDF CONFIGURATION (Selected via Validation Macro F1):
   Parameters     : {'ngram_range': (1, 1), 'max_features': 10000, 'sublinear_tf': False, 'C': 1.0}
   Validation Acc : 52.16%
   Validation F1  : 0.4572
   Golden Set Acc : 60.50%
   Golden Set F1  : 0.6066


==================================================================================================================================
### SECTION B: DENSE (MiniLM-L6-v2) + LOGISTIC REGRESSION HEAD HYPERPARAMETER RESULTS
Run   | C      | Solver   | ClassWeight  | Val Acc  | Val F1(M) | Gold Acc | Gold F1(M) | Time(s)
---------------------------------------------------------------------------------------------------------
D01   | 0.01   | lbfgs    | None         | 41.58  % | 0.3547    | 55.50  % | 0.5063     | 0.79   
D02   | 0.01   | lbfgs    | balanced     | 41.58  % | 0.3547    | 55.50  % | 0.5063     | 0.56   
D03   | 0.01   | saga     | None         | 41.62  % | 0.3552    | 55.50  % | 0.5063     | 1.82   
D04   | 0.01   | saga     | balanced     | 41.62  % | 0.3552    | 55.50  % | 0.5063     | 1.73   
D05   | 0.05   | lbfgs    | None         | 48.69  % | 0.4227    | 59.50  % | 0.5629     | 2.05   
D06   | 0.05   | lbfgs    | balanced     | 48.69  % | 0.4227    | 59.50  % | 0.5629     | 0.95   
D07   | 0.05   | saga     | None         | 48.71  % | 0.4230    | 59.50  % | 0.5629     | 2.89   
D08   | 0.05   | saga     | balanced     | 48.71  % | 0.4230    | 59.50  % | 0.5629     | 3.19   
D09   | 0.10   | lbfgs    | None         | 51.43  % | 0.4475    | 63.00  % | 0.6110     | 1.34   
D10   | 0.10   | lbfgs    | balanced     | 51.43  % | 0.4475    | 63.00  % | 0.6110     | 1.40   
D11   | 0.10   | saga     | None         | 51.41  % | 0.4473    | 63.00  % | 0.6110     | 3.29   
D12   | 0.10   | saga     | balanced     | 51.41  % | 0.4473    | 63.00  % | 0.6110     | 3.44   
D13   | 0.20   | lbfgs    | None         | 53.26  % | 0.4655    | 67.50  % | 0.6661     | 1.30   
D14   | 0.20   | lbfgs    | balanced     | 53.26  % | 0.4655    | 67.50  % | 0.6661     | 1.31   
D15   | 0.20   | saga     | None         | 53.26  % | 0.4656    | 67.50  % | 0.6661     | 3.32   
D16   | 0.20   | saga     | balanced     | 53.26  % | 0.4656    | 67.50  % | 0.6661     | 2.63   
D17   | 0.50   | lbfgs    | None         | 54.59  % | 0.4751    | 67.00  % | 0.6682     | 6.05   
D18   | 0.50   | lbfgs    | balanced     | 54.59  % | 0.4751    | 67.00  % | 0.6682     | 2.34   
D19   | 0.50   | saga     | None         | 54.63  % | 0.4756    | 67.00  % | 0.6682     | 3.66   
D20   | 0.50   | saga     | balanced     | 54.63  % | 0.4756    | 67.00  % | 0.6682     | 3.63   
D21   | 1.00   | lbfgs    | None         | 55.00  % | 0.4779    | 67.50  % | 0.6706     | 2.45   
D22   | 1.00   | lbfgs    | balanced     | 55.00  % | 0.4779    | 67.50  % | 0.6706     | 2.55   
D23   | 1.00   | saga     | None         | 55.03  % | 0.4779    | 67.50  % | 0.6706     | 3.61   
D24   | 1.00   | saga     | balanced     | 55.03  % | 0.4779    | 67.50  % | 0.6706     | 3.53   
D25   | 1.50   | lbfgs    | None         | 54.96  % | 0.4778    | 66.50  % | 0.6633     | 3.43   
D26   | 1.50   | lbfgs    | balanced     | 54.96  % | 0.4778    | 66.50  % | 0.6633     | 3.16   
D27   | 1.50   | saga     | None         | 54.95  % | 0.4772    | 66.50  % | 0.6633     | 3.69   
D28   | 1.50   | saga     | balanced     | 54.95  % | 0.4772    | 66.50  % | 0.6633     | 3.75   
D29   | 2.00   | lbfgs    | None         | 54.70  % | 0.4765    | 64.50  % | 0.6393     | 3.19   
D30   | 2.00   | lbfgs    | balanced     | 54.70  % | 0.4765    | 64.50  % | 0.6393     | 3.33   
D31   | 2.00   | saga     | None         | 54.72  % | 0.4763    | 65.50  % | 0.6505     | 3.73   
D32   | 2.00   | saga     | balanced     | 54.72  % | 0.4763    | 65.50  % | 0.6505     | 4.18   
D33   | 3.00   | lbfgs    | None         | 54.23  % | 0.4731    | 64.50  % | 0.6392     | 3.75   
D34   | 3.00   | lbfgs    | balanced     | 54.23  % | 0.4731    | 64.50  % | 0.6392     | 3.85   
D35   | 3.00   | saga     | None         | 54.28  % | 0.4736    | 64.50  % | 0.6392     | 5.02   
D36   | 3.00   | saga     | balanced     | 54.28  % | 0.4736    | 64.50  % | 0.6392     | 5.38   
D37   | 5.00   | lbfgs    | None         | 53.52  % | 0.4658    | 64.50  % | 0.6382     | 4.27   
D38   | 5.00   | lbfgs    | balanced     | 53.52  % | 0.4658    | 64.50  % | 0.6382     | 4.31   
D39   | 5.00   | saga     | None         | 53.64  % | 0.4678    | 64.50  % | 0.6382     | 7.08   
D40   | 5.00   | saga     | balanced     | 53.64  % | 0.4678    | 64.50  % | 0.6382     | 7.36   
D41   | 10.00  | lbfgs    | None         | 52.66  % | 0.4584    | 65.00  % | 0.6412     | 5.35   
D42   | 10.00  | lbfgs    | balanced     | 52.66  % | 0.4584    | 65.00  % | 0.6412     | 5.48   
D43   | 10.00  | saga     | None         | 52.63  % | 0.4586    | 64.50  % | 0.6357     | 11.10  
D44   | 10.00  | saga     | balanced     | 52.63  % | 0.4586    | 64.50  % | 0.6357     | 10.23  
---------------------------------------------------------------------------------------------------------

🏆 BEST DENSE EMBEDDING CONFIGURATION (Selected via Validation Macro F1):
   Parameters     : {'C': 1.0, 'solver': 'lbfgs', 'class_weight': None}
   Validation Acc : 55.00%
   Validation F1  : 0.4779
   Golden Set Acc : 67.50%
   Golden Set F1  : 0.6706
==================================================================================================================================
